Archive member included because of file (symbol)

c:/winavr-20100110/bin/../lib/gcc/avr/4.3.3/avr5\libgcc.a(_exit.o)
                              c:/winavr-20100110/bin/../lib/gcc/avr/4.3.3/../../../../avr/lib/avr5/crtm32u4.o (exit)
c:/winavr-20100110/bin/../lib/gcc/avr/4.3.3/avr5\libgcc.a(_copy_data.o)
                              obj/Joystick.o (__do_copy_data)
c:/winavr-20100110/bin/../lib/gcc/avr/4.3.3/avr5\libgcc.a(_clear_bss.o)
                              obj/Joystick.o (__do_clear_bss)
c:/winavr-20100110/bin/../lib/gcc/avr/4.3.3/../../../../avr/lib/avr5\libc.a(iob.o)
                              obj/Serial_AVR8.o (__iob)
c:/winavr-20100110/bin/../lib/gcc/avr/4.3.3/../../../../avr/lib/avr5\libc.a(eerd_byte_atmega32u4.o)
                              obj/EndpointStream_AVR8.o (__eerd_byte_m32u4)
c:/winavr-20100110/bin/../lib/gcc/avr/4.3.3/../../../../avr/lib/avr5\libc.a(eeupd_byte_atmega32u4.o)
                              obj/EndpointStream_AVR8.o (__eeupd_byte_m32u4)

Allocating common symbols
Common symbol       size              file

USB_IsInitialized   0x1               obj/USBTask.o
USB_DeviceState     0x1               obj/USBTask.o
USB_Device_ConfigurationNumber
                    0x1               obj/DeviceStandardReq.o
USB_Device_CurrentlySelfPowered
                    0x1               obj/DeviceStandardReq.o
USARTSerialStream   0xe               obj/Serial_AVR8.o
USB_ControlRequest  0x8               obj/USBTask.o
virtual_controller  0x8               obj/Joystick.o
USB_Device_RemoteWakeupEnabled
                    0x1               obj/DeviceStandardReq.o
__iob               0x6               c:/winavr-20100110/bin/../lib/gcc/avr/4.3.3/../../../../avr/lib/avr5\libc.a(iob.o)

Discarded imageInput sections

 .data          0x00000000        0x0 c:/winavr-20100110/bin/../lib/gcc/avr/4.3.3/../../../../avr/lib/avr5/crtm32u4.o
 .bss           0x00000000        0x0 c:/winavr-20100110/bin/../lib/gcc/avr/4.3.3/../../../../avr/lib/avr5/crtm32u4.o
 .text          0x00000000        0x0 obj/Joystick.o
 .bss           0x00000000        0x0 obj/Joystick.o
 .text          0x00000000        0x0 obj/Descriptors.o
 .data          0x00000000        0x0 obj/Descriptors.o
 .bss           0x00000000        0x0 obj/Descriptors.o
 .text          0x00000000        0x0 obj/HIDParser.o
 .data          0x00000000        0x0 obj/HIDParser.o
 .bss           0x00000000        0x0 obj/HIDParser.o
 .text.USB_GetHIDReportItemInfo
                0x00000000        0x0 obj/HIDParser.o
 .text.USB_SetHIDReportItemInfo
                0x00000000        0x0 obj/HIDParser.o
 .text.USB_GetHIDReportSize
                0x00000000        0x0 obj/HIDParser.o
 .text.USB_ProcessHIDReport
                0x00000000        0x0 obj/HIDParser.o
 .text          0x00000000        0x0 obj/Device_AVR8.o
 .data          0x00000000        0x0 obj/Device_AVR8.o
 .bss           0x00000000        0x0 obj/Device_AVR8.o
 .text.USB_Device_SendRemoteWakeup
                0x00000000        0x0 obj/Device_AVR8.o
 .text          0x00000000        0x0 obj/EndpointStream_AVR8.o
 .data          0x00000000        0x0 obj/EndpointStream_AVR8.o
 .bss           0x00000000        0x0 obj/EndpointStream_AVR8.o
 .text.Endpoint_Write_Control_Stream_BE
                0x00000000        0x0 obj/EndpointStream_AVR8.o
 .text.Endpoint_Read_Control_Stream_BE
                0x00000000        0x0 obj/EndpointStream_AVR8.o
 .text.Endpoint_Write_Control_PStream_BE
                0x00000000        0x0 obj/EndpointStream_AVR8.o
 .text.Endpoint_Read_Control_EStream_BE
                0x00000000        0x0 obj/EndpointStream_AVR8.o
 .text.Endpoint_Read_Control_EStream_LE
                0x00000000        0x0 obj/EndpointStream_AVR8.o
 .text.Endpoint_Write_Control_EStream_BE
                0x00000000        0x0 obj/EndpointStream_AVR8.o
 .text.Endpoint_Write_Control_EStream_LE
                0x00000000        0x0 obj/EndpointStream_AVR8.o
 .text.Endpoint_Null_Stream
                0x00000000        0x0 obj/EndpointStream_AVR8.o
 .text.Endpoint_Discard_Stream
                0x00000000        0x0 obj/EndpointStream_AVR8.o
 .text.Endpoint_Read_EStream_BE
                0x00000000        0x0 obj/EndpointStream_AVR8.o
 .text.Endpoint_Read_EStream_LE
                0x00000000        0x0 obj/EndpointStream_AVR8.o
 .text.Endpoint_Write_EStream_BE
                0x00000000        0x0 obj/EndpointStream_AVR8.o
 .text.Endpoint_Write_EStream_LE
                0x00000000        0x0 obj/EndpointStream_AVR8.o
 .text.Endpoint_Write_PStream_BE
                0x00000000        0x0 obj/EndpointStream_AVR8.o
 .text.Endpoint_Write_PStream_LE
                0x00000000        0x0 obj/EndpointStream_AVR8.o
 .text.Endpoint_Read_Stream_BE
                0x00000000        0x0 obj/EndpointStream_AVR8.o
 .text.Endpoint_Write_Stream_BE
                0x00000000        0x0 obj/EndpointStream_AVR8.o
 .text          0x00000000        0x0 obj/Endpoint_AVR8.o
 .data          0x00000000        0x0 obj/Endpoint_AVR8.o
 .bss           0x00000000        0x0 obj/Endpoint_AVR8.o
 .text.Endpoint_ConfigureEndpointTable
                0x00000000        0x0 obj/Endpoint_AVR8.o
 .text.Endpoint_ClearEndpoints
                0x00000000        0x0 obj/Endpoint_AVR8.o
 .text          0x00000000        0x0 obj/Host_AVR8.o
 .data          0x00000000        0x0 obj/Host_AVR8.o
 .bss           0x00000000        0x0 obj/Host_AVR8.o
 .text          0x00000000        0x0 obj/PipeStream_AVR8.o
 .data          0x00000000        0x0 obj/PipeStream_AVR8.o
 .bss           0x00000000        0x0 obj/PipeStream_AVR8.o
 .text          0x00000000        0x0 obj/Pipe_AVR8.o
 .data          0x00000000        0x0 obj/Pipe_AVR8.o
 .bss           0x00000000        0x0 obj/Pipe_AVR8.o
 .text          0x00000000        0x0 obj/USBController_AVR8.o
 .data          0x00000000        0x0 obj/USBController_AVR8.o
 .bss           0x00000000        0x0 obj/USBController_AVR8.o
 .text.USB_Disable
                0x00000000        0x0 obj/USBController_AVR8.o
 .text          0x00000000        0x0 obj/USBInterrupt_AVR8.o
 .data          0x00000000        0x0 obj/USBInterrupt_AVR8.o
 .bss           0x00000000        0x0 obj/USBInterrupt_AVR8.o
 .text          0x00000000        0x0 obj/ConfigDescriptors.o
 .data          0x00000000        0x0 obj/ConfigDescriptors.o
 .bss           0x00000000        0x0 obj/ConfigDescriptors.o
 .text.USB_GetNextDescriptorOfType
                0x00000000        0x0 obj/ConfigDescriptors.o
 .text.USB_GetNextDescriptorOfTypeBefore
                0x00000000        0x0 obj/ConfigDescriptors.o
 .text.USB_GetNextDescriptorOfTypeAfter
                0x00000000        0x0 obj/ConfigDescriptors.o
 .text.USB_GetNextDescriptorComp
                0x00000000        0x0 obj/ConfigDescriptors.o
 .text          0x00000000        0x0 obj/DeviceStandardReq.o
 .data          0x00000000        0x0 obj/DeviceStandardReq.o
 .bss           0x00000000        0x0 obj/DeviceStandardReq.o
 .text          0x00000000        0x0 obj/Events.o
 .data          0x00000000        0x0 obj/Events.o
 .bss           0x00000000        0x0 obj/Events.o
 .text          0x00000000        0x0 obj/HostStandardReq.o
 .data          0x00000000        0x0 obj/HostStandardReq.o
 .bss           0x00000000        0x0 obj/HostStandardReq.o
 .text          0x00000000        0x0 obj/USBTask.o
 .data          0x00000000        0x0 obj/USBTask.o
 .bss           0x00000000        0x0 obj/USBTask.o
 .text          0x00000000        0x0 obj/Serial_AVR8.o
 .data          0x00000000        0x0 obj/Serial_AVR8.o
 .bss           0x00000000        0x0 obj/Serial_AVR8.o
 .text.Serial_putchar
                0x00000000        0x0 obj/Serial_AVR8.o
 .text.Serial_getchar
                0x00000000        0x0 obj/Serial_AVR8.o
 .text.Serial_getchar_Blocking
                0x00000000        0x0 obj/Serial_AVR8.o
 .text.Serial_SendString_P
                0x00000000        0x0 obj/Serial_AVR8.o
 .text.Serial_SendData
                0x00000000        0x0 obj/Serial_AVR8.o
 .text.Serial_CreateStream
                0x00000000        0x0 obj/Serial_AVR8.o
 .text.Serial_CreateBlockingStream
                0x00000000        0x0 obj/Serial_AVR8.o
 COMMON         0x00000000        0x0 obj/Serial_AVR8.o
 .text          0x00000000        0x0 c:/winavr-20100110/bin/../lib/gcc/avr/4.3.3/avr5\libgcc.a(_exit.o)
 .data          0x00000000        0x0 c:/winavr-20100110/bin/../lib/gcc/avr/4.3.3/avr5\libgcc.a(_exit.o)
 .bss           0x00000000        0x0 c:/winavr-20100110/bin/../lib/gcc/avr/4.3.3/avr5\libgcc.a(_exit.o)
 .text.libgcc   0x00000000        0x0 c:/winavr-20100110/bin/../lib/gcc/avr/4.3.3/avr5\libgcc.a(_exit.o)
 .text          0x00000000        0x0 c:/winavr-20100110/bin/../lib/gcc/avr/4.3.3/avr5\libgcc.a(_copy_data.o)
 .data          0x00000000        0x0 c:/winavr-20100110/bin/../lib/gcc/avr/4.3.3/avr5\libgcc.a(_copy_data.o)
 .bss           0x00000000        0x0 c:/winavr-20100110/bin/../lib/gcc/avr/4.3.3/avr5\libgcc.a(_copy_data.o)
 .text.libgcc   0x00000000        0x0 c:/winavr-20100110/bin/../lib/gcc/avr/4.3.3/avr5\libgcc.a(_copy_data.o)
 .text          0x00000000        0x0 c:/winavr-20100110/bin/../lib/gcc/avr/4.3.3/avr5\libgcc.a(_clear_bss.o)
 .data          0x00000000        0x0 c:/winavr-20100110/bin/../lib/gcc/avr/4.3.3/avr5\libgcc.a(_clear_bss.o)
 .bss           0x00000000        0x0 c:/winavr-20100110/bin/../lib/gcc/avr/4.3.3/avr5\libgcc.a(_clear_bss.o)
 .text.libgcc   0x00000000        0x0 c:/winavr-20100110/bin/../lib/gcc/avr/4.3.3/avr5\libgcc.a(_clear_bss.o)
 .text          0x00000000        0x0 c:/winavr-20100110/bin/../lib/gcc/avr/4.3.3/../../../../avr/lib/avr5\libc.a(iob.o)
 .data          0x00000000        0x0 c:/winavr-20100110/bin/../lib/gcc/avr/4.3.3/../../../../avr/lib/avr5\libc.a(iob.o)
 .bss           0x00000000        0x0 c:/winavr-20100110/bin/../lib/gcc/avr/4.3.3/../../../../avr/lib/avr5\libc.a(iob.o)
 COMMON         0x00000000        0x0 c:/winavr-20100110/bin/../lib/gcc/avr/4.3.3/../../../../avr/lib/avr5\libc.a(iob.o)
 .text          0x00000000        0x0 c:/winavr-20100110/bin/../lib/gcc/avr/4.3.3/../../../../avr/lib/avr5\libc.a(eerd_byte_atmega32u4.o)
 .data          0x00000000        0x0 c:/winavr-20100110/bin/../lib/gcc/avr/4.3.3/../../../../avr/lib/avr5\libc.a(eerd_byte_atmega32u4.o)
 .bss           0x00000000        0x0 c:/winavr-20100110/bin/../lib/gcc/avr/4.3.3/../../../../avr/lib/avr5\libc.a(eerd_byte_atmega32u4.o)
 .text.avr-libc
                0x00000000        0x0 c:/winavr-20100110/bin/../lib/gcc/avr/4.3.3/../../../../avr/lib/avr5\libc.a(eerd_byte_atmega32u4.o)
 .text          0x00000000        0x0 c:/winavr-20100110/bin/../lib/gcc/avr/4.3.3/../../../../avr/lib/avr5\libc.a(eeupd_byte_atmega32u4.o)
 .data          0x00000000        0x0 c:/winavr-20100110/bin/../lib/gcc/avr/4.3.3/../../../../avr/lib/avr5\libc.a(eeupd_byte_atmega32u4.o)
 .bss           0x00000000        0x0 c:/winavr-20100110/bin/../lib/gcc/avr/4.3.3/../../../../avr/lib/avr5\libc.a(eeupd_byte_atmega32u4.o)
 .text.avr-libc
                0x00000000        0x0 c:/winavr-20100110/bin/../lib/gcc/avr/4.3.3/../../../../avr/lib/avr5\libc.a(eeupd_byte_atmega32u4.o)

Memory Configuration

Name             Origin             Length             Attributes
text             0x00000000         0x00020000         xr
data             0x00800060         0x0000ffa0         rw !x
eeprom           0x00810000         0x00010000         rw !x
fuse             0x00820000         0x00000400         rw !x
lock             0x00830000         0x00000400         rw !x
signature        0x00840000         0x00000400         rw !x
*default*        0x00000000         0xffffffff

Linker script and memory map

Address of section .data set to 0x800100
LOAD c:/winavr-20100110/bin/../lib/gcc/avr/4.3.3/../../../../avr/lib/avr5/crtm32u4.o
LOAD obj/Joystick.o
LOAD obj/Descriptors.o
LOAD obj/HIDParser.o
LOAD obj/Device_AVR8.o
LOAD obj/EndpointStream_AVR8.o
LOAD obj/Endpoint_AVR8.o
LOAD obj/Host_AVR8.o
LOAD obj/PipeStream_AVR8.o
LOAD obj/Pipe_AVR8.o
LOAD obj/USBController_AVR8.o
LOAD obj/USBInterrupt_AVR8.o
LOAD obj/ConfigDescriptors.o
LOAD obj/DeviceStandardReq.o
LOAD obj/Events.o
LOAD obj/HostStandardReq.o
LOAD obj/USBTask.o
LOAD obj/Serial_AVR8.o
LOAD c:/winavr-20100110/bin/../lib/gcc/avr/4.3.3/../../../../avr/lib/avr5\libm.a
LOAD c:/winavr-20100110/bin/../lib/gcc/avr/4.3.3/avr5\libgcc.a
LOAD c:/winavr-20100110/bin/../lib/gcc/avr/4.3.3/../../../../avr/lib/avr5\libc.a
LOAD c:/winavr-20100110/bin/../lib/gcc/avr/4.3.3/avr5\libgcc.a

.hash
 *(.hash)

.dynsym
 *(.dynsym)

.dynstr
 *(.dynstr)

.gnu.version
 *(.gnu.version)

.gnu.version_d
 *(.gnu.version_d)

.gnu.version_r
 *(.gnu.version_r)

.rel.init
 *(.rel.init)

.rela.init
 *(.rela.init)

.rel.text
 *(.rel.text)
 *(.rel.text.*)
 *(.rel.gnu.linkonce.t*)

.rela.text
 *(.rela.text)
 *(.rela.text.*)
 *(.rela.gnu.linkonce.t*)

.rel.fini
 *(.rel.fini)

.rela.fini
 *(.rela.fini)

.rel.rodata
 *(.rel.rodata)
 *(.rel.rodata.*)
 *(.rel.gnu.linkonce.r*)

.rela.rodata
 *(.rela.rodata)
 *(.rela.rodata.*)
 *(.rela.gnu.linkonce.r*)

.rel.data
 *(.rel.data)
 *(.rel.data.*)
 *(.rel.gnu.linkonce.d*)

.rela.data
 *(.rela.data)
 *(.rela.data.*)
 *(.rela.gnu.linkonce.d*)

.rel.ctors
 *(.rel.ctors)

.rela.ctors
 *(.rela.ctors)

.rel.dtors
 *(.rel.dtors)

.rela.dtors
 *(.rela.dtors)

.rel.got
 *(.rel.got)

.rela.got
 *(.rela.got)

.rel.bss
 *(.rel.bss)

.rela.bss
 *(.rela.bss)

.rel.plt
 *(.rel.plt)

.rela.plt
 *(.rela.plt)

.text           0x00000000     0x11d4
 *(.vectors)
 .vectors       0x00000000       0xac c:/winavr-20100110/bin/../lib/gcc/avr/4.3.3/../../../../avr/lib/avr5/crtm32u4.o
                0x00000000                __vectors
                0x00000000                __vector_default
 *(.vectors)
 *(.progmem.gcc*)
 *(.progmem*)
 .progmem.data  0x000000ac       0xd9 obj/Descriptors.o
                0x00000141                ManufacturerString
                0x0000013d                LanguageString
                0x000000ac                JoystickReport
                0x00000102                DeviceDescriptor
                0x0000015f                ProductString
                0x00000114                ConfigurationDescriptor
                0x00000186                . = ALIGN (0x2)
 *fill*         0x00000185        0x1 00
                0x00000186                __trampolines_start = .
 *(.trampolines)
 .trampolines   0x00000186        0x0 linker stubs
 *(.trampolines*)
                0x00000186                __trampolines_end = .
 *(.jumptables)
 *(.jumptables*)
 *(.lowtext)
 *(.lowtext*)
                0x00000186                __ctors_start = .
 *(.ctors)
                0x00000186                __ctors_end = .
                0x00000186                __dtors_start = .
 *(.dtors)
                0x00000186                __dtors_end = .
 SORT(*)(.ctors)
 SORT(*)(.dtors)
 *(.init0)
 .init0         0x00000186        0x0 c:/winavr-20100110/bin/../lib/gcc/avr/4.3.3/../../../../avr/lib/avr5/crtm32u4.o
                0x00000186                __init
 *(.init0)
 *(.init1)
 *(.init1)
 *(.init2)
 .init2         0x00000186        0xc c:/winavr-20100110/bin/../lib/gcc/avr/4.3.3/../../../../avr/lib/avr5/crtm32u4.o
 *(.init2)
 *(.init3)
 *(.init3)
 *(.init4)
 .init4         0x00000192       0x16 c:/winavr-20100110/bin/../lib/gcc/avr/4.3.3/avr5\libgcc.a(_copy_data.o)
                0x00000192                __do_copy_data
 .init4         0x000001a8       0x10 c:/winavr-20100110/bin/../lib/gcc/avr/4.3.3/avr5\libgcc.a(_clear_bss.o)
                0x000001a8                __do_clear_bss
 *(.init4)
 *(.init5)
 *(.init5)
 *(.init6)
 *(.init6)
 *(.init7)
 *(.init7)
 *(.init8)
 *(.init8)
 *(.init9)
 .init9         0x000001b8        0x6 c:/winavr-20100110/bin/../lib/gcc/avr/4.3.3/../../../../avr/lib/avr5/crtm32u4.o
 *(.init9)
 *(.text)
 .text          0x000001be        0x2 c:/winavr-20100110/bin/../lib/gcc/avr/4.3.3/../../../../avr/lib/avr5/crtm32u4.o
                0x000001be                __vector_38
                0x000001be                __vector_22
                0x000001be                __vector_28
                0x000001be                __vector_1
                0x000001be                __vector_32
                0x000001be                __vector_34
                0x000001be                __vector_24
                0x000001be                __vector_12
                0x000001be                __bad_interrupt
                0x000001be                __vector_6
                0x000001be                __vector_31
                0x000001be                __vector_35
                0x000001be                __vector_39
                0x000001be                __vector_3
                0x000001be                __vector_23
                0x000001be                __vector_30
                0x000001be                __vector_25
                0x000001be                __vector_11
                0x000001be                __vector_13
                0x000001be                __vector_17
                0x000001be                __vector_19
                0x000001be                __vector_7
                0x000001be                __vector_41
                0x000001be                __vector_27
                0x000001be                __vector_5
                0x000001be                __vector_33
                0x000001be                __vector_37
                0x000001be                __vector_4
                0x000001be                __vector_9
                0x000001be                __vector_2
                0x000001be                __vector_21
                0x000001be                __vector_15
                0x000001be                __vector_36
                0x000001be                __vector_29
                0x000001be                __vector_40
                0x000001be                __vector_8
                0x000001be                __vector_26
                0x000001be                __vector_14
                0x000001be                __vector_16
                0x000001be                __vector_18
                0x000001be                __vector_20
                0x000001be                __vector_42
                0x000001c0                . = ALIGN (0x2)
 *(.text.*)
 .text.EVENT_USB_Device_Connect
                0x000001c0        0x2 obj/Joystick.o
                0x000001c0                EVENT_USB_Device_Connect
 .text.EVENT_USB_Device_Disconnect
                0x000001c2        0x2 obj/Joystick.o
                0x000001c2                EVENT_USB_Device_Disconnect
 .text.initVirtualController
                0x000001c4       0x30 obj/Joystick.o
                0x000001c4                initVirtualController
 .text.executeCommand
                0x000001f4      0x3a2 obj/Joystick.o
                0x000001f4                executeCommand
 .text.receiveCommand
                0x00000596       0x24 obj/Joystick.o
                0x00000596                receiveCommand
 .text.HID_Task
                0x000005ba       0x94 obj/Joystick.o
                0x000005ba                HID_Task
 .text.EVENT_USB_Device_ControlRequest
                0x0000064e       0x90 obj/Joystick.o
                0x0000064e                EVENT_USB_Device_ControlRequest
 .text.EVENT_USB_Device_ConfigurationChanged
                0x000006de       0x10 obj/Joystick.o
                0x000006de                EVENT_USB_Device_ConfigurationChanged
 .text.init     0x000006ee       0x2e obj/Joystick.o
                0x000006ee                init
 .text.main     0x0000071c       0x2c obj/Joystick.o
                0x0000071c                main
 .text.CALLBACK_USB_GetDescriptor
                0x00000748       0x80 obj/Descriptors.o
                0x00000748                CALLBACK_USB_GetDescriptor
 .text.Endpoint_Write_Control_Stream_LE
                0x000007c8       0xd4 obj/EndpointStream_AVR8.o
                0x000007c8                Endpoint_Write_Control_Stream_LE
 .text.Endpoint_Read_Control_Stream_LE
                0x0000089c       0x8c obj/EndpointStream_AVR8.o
                0x0000089c                Endpoint_Read_Control_Stream_LE
 .text.Endpoint_Write_Control_PStream_LE
                0x00000928       0xd6 obj/EndpointStream_AVR8.o
                0x00000928                Endpoint_Write_Control_PStream_LE
 .text.Endpoint_Read_Stream_LE
                0x000009fe       0xa4 obj/EndpointStream_AVR8.o
                0x000009fe                Endpoint_Read_Stream_LE
 .text.Endpoint_Write_Stream_LE
                0x00000aa2       0xa4 obj/EndpointStream_AVR8.o
                0x00000aa2                Endpoint_Write_Stream_LE
 .text.Endpoint_ConfigureEndpoint_Prv
                0x00000b46       0x70 obj/Endpoint_AVR8.o
                0x00000b46                Endpoint_ConfigureEndpoint_Prv
 .text.Endpoint_ClearStatusStage
                0x00000bb6       0x42 obj/Endpoint_AVR8.o
                0x00000bb6                Endpoint_ClearStatusStage
 .text.Endpoint_WaitUntilReady
                0x00000bf8       0x64 obj/Endpoint_AVR8.o
                0x00000bf8                Endpoint_WaitUntilReady
 .text.USB_ResetInterface
                0x00000c5c       0x88 obj/USBController_AVR8.o
                0x00000c5c                USB_ResetInterface
 .text.USB_Init
                0x00000ce4       0x20 obj/USBController_AVR8.o
                0x00000ce4                USB_Init
 .text.USB_INT_DisableAllInterrupts
                0x00000d04       0x10 obj/USBInterrupt_AVR8.o
                0x00000d04                USB_INT_DisableAllInterrupts
 .text.USB_INT_ClearAllInterrupts
                0x00000d14        0xa obj/USBInterrupt_AVR8.o
                0x00000d14                USB_INT_ClearAllInterrupts
 .text.__vector_10
                0x00000d1e      0x18c obj/USBInterrupt_AVR8.o
                0x00000d1e                __vector_10
 .text.USB_Device_ProcessControlRequest
                0x00000eaa      0x2e0 obj/DeviceStandardReq.o
                0x00000eaa                USB_Device_ProcessControlRequest
 .text.USB_Event_Stub
                0x0000118a        0x2 obj/Events.o
                0x0000118a                EVENT_USB_Device_WakeUp
                0x0000118a                USB_Event_Stub
                0x0000118a                EVENT_USB_Device_Suspend
                0x0000118a                EVENT_USB_Device_StartOfFrame
                0x0000118a                EVENT_USB_Device_Reset
 .text.USB_USBTask
                0x0000118c       0x2a obj/USBTask.o
                0x0000118c                USB_USBTask
 .text.Serial_SendString
                0x000011b6       0x1a obj/Serial_AVR8.o
                0x000011b6                Serial_SendString
                0x000011d0                . = ALIGN (0x2)
 *(.fini9)
 .fini9         0x000011d0        0x0 c:/winavr-20100110/bin/../lib/gcc/avr/4.3.3/avr5\libgcc.a(_exit.o)
                0x000011d0                exit
                0x000011d0                _exit
 *(.fini9)
 *(.fini8)
 *(.fini8)
 *(.fini7)
 *(.fini7)
 *(.fini6)
 *(.fini6)
 *(.fini5)
 *(.fini5)
 *(.fini4)
 *(.fini4)
 *(.fini3)
 *(.fini3)
 *(.fini2)
 *(.fini2)
 *(.fini1)
 *(.fini1)
 *(.fini0)
 .fini0         0x000011d0        0x4 c:/winavr-20100110/bin/../lib/gcc/avr/4.3.3/avr5\libgcc.a(_exit.o)
 *(.fini0)
                0x000011d4                _etext = .

.data           0x00800100        0xe load address 0x000011d4
                0x00800100                PROVIDE (__data_start, .)
 *(.data)
 .data          0x00800100        0xd obj/Joystick.o
 *(.data*)
 *(.rodata)
 *(.rodata*)
 *(.gnu.linkonce.d*)
                0x0080010e                . = ALIGN (0x2)
 *fill*         0x0080010d        0x1 00
                0x0080010e                _edata = .
                0x0080010e                PROVIDE (__data_end, .)

.bss            0x0080010e       0x15
                0x0080010e                PROVIDE (__bss_start, .)
 *(.bss)
 *(.bss*)
 *(COMMON)
 COMMON         0x0080010e        0x8 obj/Joystick.o
                0x0080010e                virtual_controller
 COMMON         0x00800116        0x3 obj/DeviceStandardReq.o
                0x00800116                USB_Device_ConfigurationNumber
                0x00800117                USB_Device_CurrentlySelfPowered
                0x00800118                USB_Device_RemoteWakeupEnabled
 COMMON         0x00800119        0xa obj/USBTask.o
                0x00800119                USB_IsInitialized
                0x0080011a                USB_DeviceState
                0x0080011b                USB_ControlRequest
                0x00800123                PROVIDE (__bss_end, .)
                0x000011d4                __data_load_start = LOADADDR (.data)
                0x000011e2                __data_load_end = (__data_load_start + SIZEOF (.data))

.noinit         0x00800123        0x0
                0x00800123                PROVIDE (__noinit_start, .)
 *(.noinit*)
                0x00800123                PROVIDE (__noinit_end, .)
                0x00800123                _end = .
                0x00800123                PROVIDE (__heap_start, .)

.eeprom         0x00810000        0x0
 *(.eeprom*)
                0x00810000                __eeprom_end = .

.fuse
 *(.fuse)
 *(.lfuse)
 *(.hfuse)
 *(.efuse)

.lock
 *(.lock*)

.signature
 *(.signature*)

.stab
 *(.stab)

.stabstr
 *(.stabstr)

.stab.excl
 *(.stab.excl)

.stab.exclstr
 *(.stab.exclstr)

.stab.index
 *(.stab.index)

.stab.indexstr
 *(.stab.indexstr)

.comment
 *(.comment)

.debug
 *(.debug)

.line
 *(.line)

.debug_srcinfo
 *(.debug_srcinfo)

.debug_sfnames
 *(.debug_sfnames)

.debug_aranges  0x00000000      0x338
 *(.debug_aranges)
 .debug_aranges
                0x00000000       0x68 obj/Joystick.o
 .debug_aranges
                0x00000068       0x20 obj/Descriptors.o
 .debug_aranges
                0x00000088       0x38 obj/HIDParser.o
 .debug_aranges
                0x000000c0       0x20 obj/Device_AVR8.o
 .debug_aranges
                0x000000e0       0xc8 obj/EndpointStream_AVR8.o
 .debug_aranges
                0x000001a8       0x40 obj/Endpoint_AVR8.o
 .debug_aranges
                0x000001e8       0x30 obj/USBController_AVR8.o
 .debug_aranges
                0x00000218       0x30 obj/USBInterrupt_AVR8.o
 .debug_aranges
                0x00000248       0x38 obj/ConfigDescriptors.o
 .debug_aranges
                0x00000280       0x20 obj/DeviceStandardReq.o
 .debug_aranges
                0x000002a0       0x20 obj/Events.o
 .debug_aranges
                0x000002c0       0x20 obj/USBTask.o
 .debug_aranges
                0x000002e0       0x58 obj/Serial_AVR8.o

.debug_pubnames
                0x00000000      0x952
 *(.debug_pubnames)
 .debug_pubnames
                0x00000000      0x113 obj/Joystick.o
 .debug_pubnames
                0x00000113       0xb1 obj/Descriptors.o
 .debug_pubnames
                0x000001c4       0x7e obj/HIDParser.o
 .debug_pubnames
                0x00000242       0x32 obj/Device_AVR8.o
 .debug_pubnames
                0x00000274      0x2df obj/EndpointStream_AVR8.o
 .debug_pubnames
                0x00000553       0xaf obj/Endpoint_AVR8.o
 .debug_pubnames
                0x00000602       0x46 obj/USBController_AVR8.o
 .debug_pubnames
                0x00000648       0x62 obj/USBInterrupt_AVR8.o
 .debug_pubnames
                0x000006aa       0x9b obj/ConfigDescriptors.o
 .debug_pubnames
                0x00000745       0xa1 obj/DeviceStandardReq.o
 .debug_pubnames
                0x000007e6       0x25 obj/Events.o
 .debug_pubnames
                0x0000080b       0x63 obj/USBTask.o
 .debug_pubnames
                0x0000086e       0xe4 obj/Serial_AVR8.o

.debug_info     0x00000000     0x518e
 *(.debug_info)
 .debug_info    0x00000000      0x78d obj/Joystick.o
 .debug_info    0x0000078d      0x64d obj/Descriptors.o
 .debug_info    0x00000dda      0x6f2 obj/HIDParser.o
 .debug_info    0x000014cc       0xc4 obj/Device_AVR8.o
 .debug_info    0x00001590     0x15d4 obj/EndpointStream_AVR8.o
 .debug_info    0x00002b64      0x5f2 obj/Endpoint_AVR8.o
 .debug_info    0x00003156       0x61 obj/Host_AVR8.o
 .debug_info    0x000031b7       0x61 obj/PipeStream_AVR8.o
 .debug_info    0x00003218       0x61 obj/Pipe_AVR8.o
 .debug_info    0x00003279      0x4ba obj/USBController_AVR8.o
 .debug_info    0x00003733      0x571 obj/USBInterrupt_AVR8.o
 .debug_info    0x00003ca4      0x34e obj/ConfigDescriptors.o
 .debug_info    0x00003ff2      0x9d2 obj/DeviceStandardReq.o
 .debug_info    0x000049c4       0x79 obj/Events.o
 .debug_info    0x00004a3d       0x61 obj/HostStandardReq.o
 .debug_info    0x00004a9e      0x269 obj/USBTask.o
 .debug_info    0x00004d07      0x487 obj/Serial_AVR8.o
 *(.gnu.linkonce.wi.*)

.debug_abbrev   0x00000000     0x14f2
 *(.debug_abbrev)
 .debug_abbrev  0x00000000      0x261 obj/Joystick.o
 .debug_abbrev  0x00000261      0x15d obj/Descriptors.o
 .debug_abbrev  0x000003be      0x210 obj/HIDParser.o
 .debug_abbrev  0x000005ce       0x79 obj/Device_AVR8.o
 .debug_abbrev  0x00000647      0x1bb obj/EndpointStream_AVR8.o
 .debug_abbrev  0x00000802      0x1fb obj/Endpoint_AVR8.o
 .debug_abbrev  0x000009fd       0x33 obj/Host_AVR8.o
 .debug_abbrev  0x00000a30       0x33 obj/PipeStream_AVR8.o
 .debug_abbrev  0x00000a63       0x33 obj/Pipe_AVR8.o
 .debug_abbrev  0x00000a96      0x134 obj/USBController_AVR8.o
 .debug_abbrev  0x00000bca      0x17f obj/USBInterrupt_AVR8.o
 .debug_abbrev  0x00000d49      0x15c obj/ConfigDescriptors.o
 .debug_abbrev  0x00000ea5      0x256 obj/DeviceStandardReq.o
 .debug_abbrev  0x000010fb       0x4a obj/Events.o
 .debug_abbrev  0x00001145       0x33 obj/HostStandardReq.o
 .debug_abbrev  0x00001178      0x174 obj/USBTask.o
 .debug_abbrev  0x000012ec      0x206 obj/Serial_AVR8.o

.debug_line     0x00000000     0x4368
 *(.debug_line)
 .debug_line    0x00000000      0x712 obj/Joystick.o
 .debug_line    0x00000712      0x1eb obj/Descriptors.o
 .debug_line    0x000008fd      0x5a1 obj/HIDParser.o
 .debug_line    0x00000e9e      0x125 obj/Device_AVR8.o
 .debug_line    0x00000fc3     0x1838 obj/EndpointStream_AVR8.o
 .debug_line    0x000027fb      0x4da obj/Endpoint_AVR8.o
 .debug_line    0x00002cd5       0x3e obj/Host_AVR8.o
 .debug_line    0x00002d13       0x3e obj/PipeStream_AVR8.o
 .debug_line    0x00002d51       0x3e obj/Pipe_AVR8.o
 .debug_line    0x00002d8f      0x38d obj/USBController_AVR8.o
 .debug_line    0x0000311c      0x4fe obj/USBInterrupt_AVR8.o
 .debug_line    0x0000361a      0x23e obj/ConfigDescriptors.o
 .debug_line    0x00003858      0x578 obj/DeviceStandardReq.o
 .debug_line    0x00003dd0       0x7f obj/Events.o
 .debug_line    0x00003e4f       0x3e obj/HostStandardReq.o
 .debug_line    0x00003e8d      0x1a4 obj/USBTask.o
 .debug_line    0x00004031      0x337 obj/Serial_AVR8.o

.debug_frame    0x00000000      0x4d0
 *(.debug_frame)
 .debug_frame   0x00000000       0xb0 obj/Joystick.o
 .debug_frame   0x000000b0       0x20 obj/Descriptors.o
 .debug_frame   0x000000d0       0x50 obj/HIDParser.o
 .debug_frame   0x00000120       0x20 obj/Device_AVR8.o
 .debug_frame   0x00000140      0x170 obj/EndpointStream_AVR8.o
 .debug_frame   0x000002b0       0x60 obj/Endpoint_AVR8.o
 .debug_frame   0x00000310       0x40 obj/USBController_AVR8.o
 .debug_frame   0x00000350       0x40 obj/USBInterrupt_AVR8.o
 .debug_frame   0x00000390       0x50 obj/ConfigDescriptors.o
 .debug_frame   0x000003e0       0x20 obj/DeviceStandardReq.o
 .debug_frame   0x00000400       0x20 obj/Events.o
 .debug_frame   0x00000420       0x20 obj/USBTask.o
 .debug_frame   0x00000440       0x90 obj/Serial_AVR8.o

.debug_str      0x00000000     0x237b
 *(.debug_str)
 .debug_str     0x00000000      0x5db obj/Joystick.o
                                0x63b (size before relaxing)
 .debug_str     0x000005db      0x507 obj/Descriptors.o
                                0x63e (size before relaxing)
 .debug_str     0x00000ae2      0x487 obj/HIDParser.o
                                0x5cb (size before relaxing)
 .debug_str     0x00000f69       0x78 obj/Device_AVR8.o
                                0x126 (size before relaxing)
 .debug_str     0x00000fe1      0x4fd obj/EndpointStream_AVR8.o
                                0x754 (size before relaxing)
 .debug_str     0x000014de      0x2a3 obj/Endpoint_AVR8.o
                                0x550 (size before relaxing)
 .debug_str     0x00001781       0x2e obj/Host_AVR8.o
                                 0xd6 (size before relaxing)
 .debug_str     0x000017af       0x34 obj/PipeStream_AVR8.o
                                 0xdc (size before relaxing)
 .debug_str     0x000017e3       0x2e obj/Pipe_AVR8.o
                                 0xd6 (size before relaxing)
 .debug_str     0x00001811      0x24e obj/USBController_AVR8.o
                                0x438 (size before relaxing)
 .debug_str     0x00001a5f       0xea obj/USBInterrupt_AVR8.o
                                0x3aa (size before relaxing)
 .debug_str     0x00001b49      0x21e obj/ConfigDescriptors.o
                                0x2f4 (size before relaxing)
 .debug_str     0x00001d67      0x3fd obj/DeviceStandardReq.o
                                0x824 (size before relaxing)
 .debug_str     0x00002164       0x35 obj/Events.o
                                 0xdd (size before relaxing)
 .debug_str     0x00002199       0x2f obj/HostStandardReq.o
                                 0xd7 (size before relaxing)
 .debug_str     0x000021c8       0x6b obj/USBTask.o
                                0x294 (size before relaxing)
 .debug_str     0x00002233      0x148 obj/Serial_AVR8.o
                                0x26e (size before relaxing)

.debug_loc      0x00000000     0x299b
 *(.debug_loc)
 .debug_loc     0x00000000      0x2b8 obj/Joystick.o
 .debug_loc     0x000002b8      0x1a0 obj/Descriptors.o
 .debug_loc     0x00000458      0x560 obj/HIDParser.o
 .debug_loc     0x000009b8     0x1886 obj/EndpointStream_AVR8.o
 .debug_loc     0x0000223e      0x11c obj/Endpoint_AVR8.o
 .debug_loc     0x0000235a      0x2c7 obj/ConfigDescriptors.o
 .debug_loc     0x00002621      0x23c obj/DeviceStandardReq.o
 .debug_loc     0x0000285d      0x13e obj/Serial_AVR8.o

.debug_macinfo
 *(.debug_macinfo)
OUTPUT(Joystick.elf elf32-avr)
LOAD linker stubs

.debug_ranges   0x00000000      0x3d0
 .debug_ranges  0x00000000       0x60 obj/Joystick.o
 .debug_ranges  0x00000060       0x18 obj/Descriptors.o
 .debug_ranges  0x00000078       0xa0 obj/HIDParser.o
 .debug_ranges  0x00000118       0x18 obj/Device_AVR8.o
 .debug_ranges  0x00000130       0xc0 obj/EndpointStream_AVR8.o
 .debug_ranges  0x000001f0       0x50 obj/Endpoint_AVR8.o
 .debug_ranges  0x00000240       0x28 obj/USBController_AVR8.o
 .debug_ranges  0x00000268       0x28 obj/USBInterrupt_AVR8.o
 .debug_ranges  0x00000290       0x30 obj/ConfigDescriptors.o
 .debug_ranges  0x000002c0       0x78 obj/DeviceStandardReq.o
 .debug_ranges  0x00000338       0x18 obj/Events.o
 .debug_ranges  0x00000350       0x18 obj/USBTask.o
 .debug_ranges  0x00000368       0x68 obj/Serial_AVR8.o

Cross Reference Table

Symbol                                            File
CALLBACK_HIDParser_FilterHIDReportItem            obj/HIDParser.o
CALLBACK_USB_GetDescriptor                        obj/Descriptors.o
                                                  obj/DeviceStandardReq.o
ConfigurationDescriptor                           obj/Descriptors.o
DeviceDescriptor                                  obj/Descriptors.o
EVENT_USB_Device_ConfigurationChanged             obj/Joystick.o
                                                  obj/DeviceStandardReq.o
EVENT_USB_Device_Connect                          obj/Joystick.o
                                                  obj/USBInterrupt_AVR8.o
EVENT_USB_Device_ControlRequest                   obj/Joystick.o
                                                  obj/DeviceStandardReq.o
EVENT_USB_Device_Disconnect                       obj/Joystick.o
                                                  obj/USBInterrupt_AVR8.o
EVENT_USB_Device_Reset                            obj/Events.o
                                                  obj/USBInterrupt_AVR8.o
EVENT_USB_Device_StartOfFrame                     obj/Events.o
                                                  obj/USBInterrupt_AVR8.o
EVENT_USB_Device_Suspend                          obj/Events.o
                                                  obj/USBInterrupt_AVR8.o
EVENT_USB_Device_WakeUp                           obj/Events.o
                                                  obj/USBInterrupt_AVR8.o
Endpoint_ClearEndpoints                           obj/Endpoint_AVR8.o
Endpoint_ClearStatusStage                         obj/Endpoint_AVR8.o
                                                  obj/DeviceStandardReq.o
Endpoint_ConfigureEndpointTable                   obj/Endpoint_AVR8.o
Endpoint_ConfigureEndpoint_Prv                    obj/Endpoint_AVR8.o
                                                  obj/USBInterrupt_AVR8.o
                                                  obj/USBController_AVR8.o
                                                  obj/Joystick.o
Endpoint_Discard_Stream                           obj/EndpointStream_AVR8.o
Endpoint_Null_Stream                              obj/EndpointStream_AVR8.o
Endpoint_Read_Control_EStream_BE                  obj/EndpointStream_AVR8.o
Endpoint_Read_Control_EStream_LE                  obj/EndpointStream_AVR8.o
Endpoint_Read_Control_Stream_BE                   obj/EndpointStream_AVR8.o
Endpoint_Read_Control_Stream_LE                   obj/EndpointStream_AVR8.o
                                                  obj/Joystick.o
Endpoint_Read_EStream_BE                          obj/EndpointStream_AVR8.o
Endpoint_Read_EStream_LE                          obj/EndpointStream_AVR8.o
Endpoint_Read_Stream_BE                           obj/EndpointStream_AVR8.o
Endpoint_Read_Stream_LE                           obj/EndpointStream_AVR8.o
                                                  obj/Joystick.o
Endpoint_WaitUntilReady                           obj/Endpoint_AVR8.o
                                                  obj/EndpointStream_AVR8.o
Endpoint_Write_Control_EStream_BE                 obj/EndpointStream_AVR8.o
Endpoint_Write_Control_EStream_LE                 obj/EndpointStream_AVR8.o
Endpoint_Write_Control_PStream_BE                 obj/EndpointStream_AVR8.o
Endpoint_Write_Control_PStream_LE                 obj/EndpointStream_AVR8.o
                                                  obj/DeviceStandardReq.o
Endpoint_Write_Control_Stream_BE                  obj/EndpointStream_AVR8.o
Endpoint_Write_Control_Stream_LE                  obj/EndpointStream_AVR8.o
                                                  obj/DeviceStandardReq.o
                                                  obj/Joystick.o
Endpoint_Write_EStream_BE                         obj/EndpointStream_AVR8.o
Endpoint_Write_EStream_LE                         obj/EndpointStream_AVR8.o
Endpoint_Write_PStream_BE                         obj/EndpointStream_AVR8.o
Endpoint_Write_PStream_LE                         obj/EndpointStream_AVR8.o
Endpoint_Write_Stream_BE                          obj/EndpointStream_AVR8.o
Endpoint_Write_Stream_LE                          obj/EndpointStream_AVR8.o
                                                  obj/Joystick.o
HID_Task                                          obj/Joystick.o
JoystickReport                                    obj/Descriptors.o
LanguageString                                    obj/Descriptors.o
ManufacturerString                                obj/Descriptors.o
ProductString                                     obj/Descriptors.o
Serial_CreateBlockingStream                       obj/Serial_AVR8.o
Serial_CreateStream                               obj/Serial_AVR8.o
Serial_SendData                                   obj/Serial_AVR8.o
Serial_SendString                                 obj/Serial_AVR8.o
                                                  obj/Joystick.o
Serial_SendString_P                               obj/Serial_AVR8.o
Serial_getchar                                    obj/Serial_AVR8.o
Serial_getchar_Blocking                           obj/Serial_AVR8.o
Serial_putchar                                    obj/Serial_AVR8.o
USARTSerialStream                                 obj/Serial_AVR8.o
USB_ControlRequest                                obj/USBTask.o
                                                  obj/DeviceStandardReq.o
                                                  obj/Endpoint_AVR8.o
                                                  obj/EndpointStream_AVR8.o
                                                  obj/Joystick.o
USB_DeviceState                                   obj/USBTask.o
                                                  obj/DeviceStandardReq.o
                                                  obj/USBInterrupt_AVR8.o
                                                  obj/USBController_AVR8.o
                                                  obj/Endpoint_AVR8.o
                                                  obj/EndpointStream_AVR8.o
                                                  obj/Joystick.o
USB_Device_ConfigurationNumber                    obj/DeviceStandardReq.o
                                                  obj/USBInterrupt_AVR8.o
                                                  obj/USBController_AVR8.o
USB_Device_CurrentlySelfPowered                   obj/DeviceStandardReq.o
                                                  obj/USBController_AVR8.o
USB_Device_ProcessControlRequest                  obj/DeviceStandardReq.o
                                                  obj/USBTask.o
USB_Device_RemoteWakeupEnabled                    obj/DeviceStandardReq.o
                                                  obj/USBController_AVR8.o
USB_Device_SendRemoteWakeup                       obj/Device_AVR8.o
USB_Disable                                       obj/USBController_AVR8.o
USB_Event_Stub                                    obj/Events.o
USB_GetHIDReportItemInfo                          obj/HIDParser.o
USB_GetHIDReportSize                              obj/HIDParser.o
USB_GetNextDescriptorComp                         obj/ConfigDescriptors.o
USB_GetNextDescriptorOfType                       obj/ConfigDescriptors.o
USB_GetNextDescriptorOfTypeAfter                  obj/ConfigDescriptors.o
USB_GetNextDescriptorOfTypeBefore                 obj/ConfigDescriptors.o
USB_INT_ClearAllInterrupts                        obj/USBInterrupt_AVR8.o
                                                  obj/USBController_AVR8.o
USB_INT_DisableAllInterrupts                      obj/USBInterrupt_AVR8.o
                                                  obj/USBController_AVR8.o
USB_Init                                          obj/USBController_AVR8.o
                                                  obj/Joystick.o
USB_IsInitialized                                 obj/USBTask.o
                                                  obj/USBController_AVR8.o
USB_ProcessHIDReport                              obj/HIDParser.o
USB_ResetInterface                                obj/USBController_AVR8.o
USB_SetHIDReportItemInfo                          obj/HIDParser.o
USB_USBTask                                       obj/USBTask.o
                                                  obj/EndpointStream_AVR8.o
                                                  obj/Joystick.o
__bad_interrupt                                   c:/winavr-20100110/bin/../lib/gcc/avr/4.3.3/../../../../avr/lib/avr5/crtm32u4.o
__bss_end                                         c:/winavr-20100110/bin/../lib/gcc/avr/4.3.3/avr5\libgcc.a(_clear_bss.o)
__bss_start                                       c:/winavr-20100110/bin/../lib/gcc/avr/4.3.3/avr5\libgcc.a(_clear_bss.o)
__data_end                                        c:/winavr-20100110/bin/../lib/gcc/avr/4.3.3/avr5\libgcc.a(_copy_data.o)
__data_load_start                                 c:/winavr-20100110/bin/../lib/gcc/avr/4.3.3/avr5\libgcc.a(_copy_data.o)
__data_start                                      c:/winavr-20100110/bin/../lib/gcc/avr/4.3.3/avr5\libgcc.a(_copy_data.o)
__do_clear_bss                                    c:/winavr-20100110/bin/../lib/gcc/avr/4.3.3/avr5\libgcc.a(_clear_bss.o)
                                                  c:/winavr-20100110/bin/../lib/gcc/avr/4.3.3/../../../../avr/lib/avr5\libc.a(iob.o)
                                                  obj/Serial_AVR8.o
                                                  obj/USBTask.o
                                                  obj/DeviceStandardReq.o
                                                  obj/Joystick.o
__do_copy_data                                    c:/winavr-20100110/bin/../lib/gcc/avr/4.3.3/avr5\libgcc.a(_copy_data.o)
                                                  obj/Joystick.o
__eerd_byte_m32u4                                 c:/winavr-20100110/bin/../lib/gcc/avr/4.3.3/../../../../avr/lib/avr5\libc.a(eerd_byte_atmega32u4.o)
                                                  obj/EndpointStream_AVR8.o
__eeupd_byte_m32u4                                c:/winavr-20100110/bin/../lib/gcc/avr/4.3.3/../../../../avr/lib/avr5\libc.a(eeupd_byte_atmega32u4.o)
                                                  obj/EndpointStream_AVR8.o
__eeupd_r18_m32u4                                 c:/winavr-20100110/bin/../lib/gcc/avr/4.3.3/../../../../avr/lib/avr5\libc.a(eeupd_byte_atmega32u4.o)
__heap_end                                        c:/winavr-20100110/bin/../lib/gcc/avr/4.3.3/../../../../avr/lib/avr5/crtm32u4.o
__init                                            c:/winavr-20100110/bin/../lib/gcc/avr/4.3.3/../../../../avr/lib/avr5/crtm32u4.o
__iob                                             c:/winavr-20100110/bin/../lib/gcc/avr/4.3.3/../../../../avr/lib/avr5\libc.a(iob.o)
                                                  obj/Serial_AVR8.o
__stack                                           c:/winavr-20100110/bin/../lib/gcc/avr/4.3.3/../../../../avr/lib/avr5/crtm32u4.o
__vector_1                                        c:/winavr-20100110/bin/../lib/gcc/avr/4.3.3/../../../../avr/lib/avr5/crtm32u4.o
__vector_10                                       obj/USBInterrupt_AVR8.o
                                                  c:/winavr-20100110/bin/../lib/gcc/avr/4.3.3/../../../../avr/lib/avr5/crtm32u4.o
__vector_11                                       c:/winavr-20100110/bin/../lib/gcc/avr/4.3.3/../../../../avr/lib/avr5/crtm32u4.o
__vector_12                                       c:/winavr-20100110/bin/../lib/gcc/avr/4.3.3/../../../../avr/lib/avr5/crtm32u4.o
__vector_13                                       c:/winavr-20100110/bin/../lib/gcc/avr/4.3.3/../../../../avr/lib/avr5/crtm32u4.o
__vector_14                                       c:/winavr-20100110/bin/../lib/gcc/avr/4.3.3/../../../../avr/lib/avr5/crtm32u4.o
__vector_15                                       c:/winavr-20100110/bin/../lib/gcc/avr/4.3.3/../../../../avr/lib/avr5/crtm32u4.o
__vector_16                                       c:/winavr-20100110/bin/../lib/gcc/avr/4.3.3/../../../../avr/lib/avr5/crtm32u4.o
__vector_17                                       c:/winavr-20100110/bin/../lib/gcc/avr/4.3.3/../../../../avr/lib/avr5/crtm32u4.o
__vector_18                                       c:/winavr-20100110/bin/../lib/gcc/avr/4.3.3/../../../../avr/lib/avr5/crtm32u4.o
__vector_19                                       c:/winavr-20100110/bin/../lib/gcc/avr/4.3.3/../../../../avr/lib/avr5/crtm32u4.o
__vector_2                                        c:/winavr-20100110/bin/../lib/gcc/avr/4.3.3/../../../../avr/lib/avr5/crtm32u4.o
__vector_20                                       c:/winavr-20100110/bin/../lib/gcc/avr/4.3.3/../../../../avr/lib/avr5/crtm32u4.o
__vector_21                                       c:/winavr-20100110/bin/../lib/gcc/avr/4.3.3/../../../../avr/lib/avr5/crtm32u4.o
__vector_22                                       c:/winavr-20100110/bin/../lib/gcc/avr/4.3.3/../../../../avr/lib/avr5/crtm32u4.o
__vector_23                                       c:/winavr-20100110/bin/../lib/gcc/avr/4.3.3/../../../../avr/lib/avr5/crtm32u4.o
__vector_24                                       c:/winavr-20100110/bin/../lib/gcc/avr/4.3.3/../../../../avr/lib/avr5/crtm32u4.o
__vector_25                                       c:/winavr-20100110/bin/../lib/gcc/avr/4.3.3/../../../../avr/lib/avr5/crtm32u4.o
__vector_26                                       c:/winavr-20100110/bin/../lib/gcc/avr/4.3.3/../../../../avr/lib/avr5/crtm32u4.o
__vector_27                                       c:/winavr-20100110/bin/../lib/gcc/avr/4.3.3/../../../../avr/lib/avr5/crtm32u4.o
__vector_28                                       c:/winavr-20100110/bin/../lib/gcc/avr/4.3.3/../../../../avr/lib/avr5/crtm32u4.o
__vector_29                                       c:/winavr-20100110/bin/../lib/gcc/avr/4.3.3/../../../../avr/lib/avr5/crtm32u4.o
__vector_3                                        c:/winavr-20100110/bin/../lib/gcc/avr/4.3.3/../../../../avr/lib/avr5/crtm32u4.o
__vector_30                                       c:/winavr-20100110/bin/../lib/gcc/avr/4.3.3/../../../../avr/lib/avr5/crtm32u4.o
__vector_31                                       c:/winavr-20100110/bin/../lib/gcc/avr/4.3.3/../../../../avr/lib/avr5/crtm32u4.o
__vector_32                                       c:/winavr-20100110/bin/../lib/gcc/avr/4.3.3/../../../../avr/lib/avr5/crtm32u4.o
__vector_33                                       c:/winavr-20100110/bin/../lib/gcc/avr/4.3.3/../../../../avr/lib/avr5/crtm32u4.o
__vector_34                                       c:/winavr-20100110/bin/../lib/gcc/avr/4.3.3/../../../../avr/lib/avr5/crtm32u4.o
__vector_35                                       c:/winavr-20100110/bin/../lib/gcc/avr/4.3.3/../../../../avr/lib/avr5/crtm32u4.o
__vector_36                                       c:/winavr-20100110/bin/../lib/gcc/avr/4.3.3/../../../../avr/lib/avr5/crtm32u4.o
__vector_37                                       c:/winavr-20100110/bin/../lib/gcc/avr/4.3.3/../../../../avr/lib/avr5/crtm32u4.o
__vector_38                                       c:/winavr-20100110/bin/../lib/gcc/avr/4.3.3/../../../../avr/lib/avr5/crtm32u4.o
__vector_39                                       c:/winavr-20100110/bin/../lib/gcc/avr/4.3.3/../../../../avr/lib/avr5/crtm32u4.o
__vector_4                                        c:/winavr-20100110/bin/../lib/gcc/avr/4.3.3/../../../../avr/lib/avr5/crtm32u4.o
__vector_40                                       c:/winavr-20100110/bin/../lib/gcc/avr/4.3.3/../../../../avr/lib/avr5/crtm32u4.o
__vector_41                                       c:/winavr-20100110/bin/../lib/gcc/avr/4.3.3/../../../../avr/lib/avr5/crtm32u4.o
__vector_42                                       c:/winavr-20100110/bin/../lib/gcc/avr/4.3.3/../../../../avr/lib/avr5/crtm32u4.o
__vector_5                                        c:/winavr-20100110/bin/../lib/gcc/avr/4.3.3/../../../../avr/lib/avr5/crtm32u4.o
__vector_6                                        c:/winavr-20100110/bin/../lib/gcc/avr/4.3.3/../../../../avr/lib/avr5/crtm32u4.o
__vector_7                                        c:/winavr-20100110/bin/../lib/gcc/avr/4.3.3/../../../../avr/lib/avr5/crtm32u4.o
__vector_8                                        c:/winavr-20100110/bin/../lib/gcc/avr/4.3.3/../../../../avr/lib/avr5/crtm32u4.o
__vector_9                                        c:/winavr-20100110/bin/../lib/gcc/avr/4.3.3/../../../../avr/lib/avr5/crtm32u4.o
__vector_default                                  c:/winavr-20100110/bin/../lib/gcc/avr/4.3.3/../../../../avr/lib/avr5/crtm32u4.o
__vectors                                         c:/winavr-20100110/bin/../lib/gcc/avr/4.3.3/../../../../avr/lib/avr5/crtm32u4.o
_exit                                             c:/winavr-20100110/bin/../lib/gcc/avr/4.3.3/avr5\libgcc.a(_exit.o)
executeCommand                                    obj/Joystick.o
exit                                              c:/winavr-20100110/bin/../lib/gcc/avr/4.3.3/avr5\libgcc.a(_exit.o)
                                                  c:/winavr-20100110/bin/../lib/gcc/avr/4.3.3/../../../../avr/lib/avr5/crtm32u4.o
init                                              obj/Joystick.o
initVirtualController                             obj/Joystick.o
main                                              obj/Joystick.o
                                                  c:/winavr-20100110/bin/../lib/gcc/avr/4.3.3/../../../../avr/lib/avr5/crtm32u4.o
receiveCommand                                    obj/Joystick.o
virtual_controller                                obj/Joystick.o
